  Start_Part.cpp
C:\Users\Guoyi\source\repos\Project1\Project1\Start_Part.cpp(671,23): warning C4244: “初始化”: 从“float”转换到“int”，可能丢失数据
C:\Users\Guoyi\source\repos\Project1\Project1\Start_Part.cpp(699,23): warning C4244: “初始化”: 从“float”转换到“int”，可能丢失数据
C:\Users\Guoyi\source\repos\Project1\Project1\Start_Part.cpp(727,23): warning C4244: “初始化”: 从“float”转换到“int”，可能丢失数据
C:\Users\Guoyi\source\repos\Project1\Project1\Start_Part.cpp(759,23): warning C4244: “初始化”: 从“float”转换到“int”，可能丢失数据
C:\Users\Guoyi\source\repos\Project1\Project1\Start_Part.cpp(791,23): warning C4244: “初始化”: 从“float”转换到“int”，可能丢失数据
C:\Users\Guoyi\source\repos\Project1\Project1\Start_Part.cpp(1653,30): warning C4244: “初始化”: 从“int”转换到“float”，可能丢失数据
C:\Users\Guoyi\source\repos\Project1\Project1\Start_Part.cpp(1654,30): warning C4244: “初始化”: 从“int”转换到“float”，可能丢失数据
C:\Users\Guoyi\source\repos\Project1\Project1\Start_Part.cpp(1712,26): warning C4244: “初始化”: 从“LONG”转换到“float”，可能丢失数据
C:\Users\Guoyi\source\repos\Project1\Project1\Start_Part.cpp(1713,26): warning C4244: “初始化”: 从“LONG”转换到“float”，可能丢失数据
C:\Users\Guoyi\source\repos\Project1\Project1\Start_Part.cpp(1717,43): warning C4244: “+=”: 从“float”转换到“int”，可能丢失数据
C:\Users\Guoyi\source\repos\Project1\Project1\Start_Part.cpp(1718,43): warning C4244: “+=”: 从“float”转换到“int”，可能丢失数据
C:\Users\Guoyi\source\repos\Project1\Project1\Start_Part.cpp(1746,20): warning C4267: “初始化”: 从“size_t”转换到“int”，可能丢失数据
C:\Users\Guoyi\source\repos\Project1\Project1\Start_Part.cpp(1753,20): warning C4267: “初始化”: 从“size_t”转换到“int”，可能丢失数据
C:\Users\Guoyi\source\repos\Project1\Project1\Start_Part.cpp(1755,32): warning C4244: “+=”: 从“float”转换到“int”，可能丢失数据
C:\Users\Guoyi\source\repos\Project1\Project1\Start_Part.cpp(1756,32): warning C4244: “+=”: 从“float”转换到“int”，可能丢失数据
C:\Users\Guoyi\source\repos\Project1\Project1\Start_Part.cpp(2206,30): warning C4244: “初始化”: 从“int”转换到“float”，可能丢失数据
C:\Users\Guoyi\source\repos\Project1\Project1\Start_Part.cpp(2207,30): warning C4244: “初始化”: 从“int”转换到“float”，可能丢失数据
C:\Users\Guoyi\source\repos\Project1\Project1\Start_Part.cpp(2277,26): warning C4244: “初始化”: 从“LONG”转换到“float”，可能丢失数据
C:\Users\Guoyi\source\repos\Project1\Project1\Start_Part.cpp(2278,26): warning C4244: “初始化”: 从“LONG”转换到“float”，可能丢失数据
C:\Users\Guoyi\source\repos\Project1\Project1\Start_Part.cpp(2307,20): warning C4267: “初始化”: 从“size_t”转换到“int”，可能丢失数据
C:\Users\Guoyi\source\repos\Project1\Project1\Start_Part.cpp(2339,20): warning C4267: “初始化”: 从“size_t”转换到“int”，可能丢失数据
C:\Users\Guoyi\source\repos\Project1\Project1\Start_Part.cpp(2346,20): warning C4267: “初始化”: 从“size_t”转换到“int”，可能丢失数据
C:\Users\Guoyi\source\repos\Project1\Project1\Start_Part.cpp(2348,32): warning C4244: “+=”: 从“float”转换到“int”，可能丢失数据
C:\Users\Guoyi\source\repos\Project1\Project1\Start_Part.cpp(2349,32): warning C4244: “+=”: 从“float”转换到“int”，可能丢失数据
C:\Users\Guoyi\source\repos\Project1\Project1\Start_Part.cpp(2613,34): warning C4244: “初始化”: 从“int”转换到“float”，可能丢失数据
C:\Users\Guoyi\source\repos\Project1\Project1\Start_Part.cpp(2614,34): warning C4244: “初始化”: 从“int”转换到“float”，可能丢失数据
C:\Users\Guoyi\source\repos\Project1\Project1\Start_Part.cpp(2693,20): warning C4267: “初始化”: 从“size_t”转换到“int”，可能丢失数据
C:\Users\Guoyi\source\repos\Project1\Project1\Start_Part.cpp(2700,20): warning C4267: “初始化”: 从“size_t”转换到“int”，可能丢失数据
C:\Users\Guoyi\source\repos\Project1\Project1\Start_Part.cpp(2702,32): warning C4244: “+=”: 从“float”转换到“int”，可能丢失数据
C:\Users\Guoyi\source\repos\Project1\Project1\Start_Part.cpp(2703,32): warning C4244: “+=”: 从“float”转换到“int”，可能丢失数据
C:\Users\Guoyi\source\repos\Project1\Project1\Start_Part.cpp(3004,20): warning C4267: “初始化”: 从“size_t”转换到“int”，可能丢失数据
C:\Users\Guoyi\source\repos\Project1\Project1\Start_Part.cpp(3006,32): warning C4244: “+=”: 从“float”转换到“int”，可能丢失数据
C:\Users\Guoyi\source\repos\Project1\Project1\Start_Part.cpp(3007,32): warning C4244: “+=”: 从“float”转换到“int”，可能丢失数据
C:\Users\Guoyi\source\repos\Project1\Project1\Start_Part.cpp(3026,20): warning C4267: “初始化”: 从“size_t”转换到“int”，可能丢失数据
C:\Users\Guoyi\source\repos\Project1\Project1\Start_Part.cpp(3028,32): warning C4244: “+=”: 从“float”转换到“int”，可能丢失数据
C:\Users\Guoyi\source\repos\Project1\Project1\Start_Part.cpp(3029,32): warning C4244: “+=”: 从“float”转换到“int”，可能丢失数据
  Project1.vcxproj -> C:\Users\Guoyi\source\repos\Project1\x64\Debug\Project1.exe
